airs/front/content/blog/another-proud-son-json/index.adoc
airs/front/content/blog/are-you-checking-types/index.adoc
airs/front/content/blog/asymmetric-dos-slow-http-attack/index.adoc
airs/front/content/blog/attack-no-announce/index.adoc
airs/front/content/blog/backdooring-putty/index.adoc
airs/front/content/blog/battle-tendency/index.adoc
airs/front/content/blog/big-code/index.adoc
airs/front/content/blog/binary-learning/index.adoc
airs/front/content/blog/bounty-writeup/index.adoc
airs/front/content/blog/ceo-bugs/index.adoc
airs/front/content/blog/chat-with-correa/index.adoc
airs/front/content/blog/code-translate/index.adoc
airs/front/content/blog/conflict-interest/index.adoc
airs/front/content/blog/conserving-identity/index.adoc
airs/front/content/blog/crash-course-machine-learning/index.adoc
airs/front/content/blog/cryptojacking-malware/index.adoc
airs/front/content/blog/cybersecurity-strategy/index.adoc
airs/front/content/blog/deep-hacking/index.adoc
airs/front/content/blog/delimit-ethical-hacking/index.adoc
airs/front/content/blog/devoops-writeup/index.adoc
airs/front/content/blog/digression-regression/index.adoc
airs/front/content/blog/do-not-read/index.adoc
airs/front/content/blog/embed-code-vector/index.adoc
airs/front/content/blog/evolution-lumu/index.adoc
airs/front/content/blog/exploit-code-graph/index.adoc
airs/front/content/blog/fck-strategy/index.adoc
airs/front/content/blog/fool-machine/index.adoc
airs/front/content/blog/functional-fashion-in-javascript/index.adoc
airs/front/content/blog/further-code2vec/index.adoc
airs/front/content/blog/fuzzing-forallsecure/index.adoc
airs/front/content/blog/fuzzing-sudo/index.adoc
airs/front/content/blog/fuzzy-bugs-online/index.adoc
airs/front/content/blog/gherkin-steroids/index.adoc
airs/front/content/blog/git-steroids/index.adoc
airs/front/content/blog/global-leaders-2018/index.adoc
airs/front/content/blog/great-expectations/index.adoc
airs/front/content/blog/hack-cern/index.adoc
airs/front/content/blog/healthcare-clouds/index.adoc
airs/front/content/blog/healthcare-cybersecurity/index.adoc
airs/front/content/blog/hevd-privilege-escalation/index.adoc
airs/front/content/blog/hevd-smep-bypass/index.adoc
airs/front/content/blog/hit-miss/index.adoc
airs/front/content/blog/importance-pentesting/index.adoc
airs/front/content/blog/infinite-monkey-fuzzer/index.adoc
airs/front/content/blog/innovation-understandable/index.adoc
airs/front/content/blog/insensato-reporte/index.adoc
airs/front/content/blog/intercepting-android/index.adoc
airs/front/content/blog/interview-safety-detectives/index.adoc
airs/front/content/blog/is-csv-secure/index.adoc
airs/front/content/blog/learning-code/index.adoc
airs/front/content/blog/libssh-bypass-cve/index.adoc
airs/front/content/blog/look-inside-oss/index.adoc
airs/front/content/blog/machine-learning-hack/index.adoc
airs/front/content/blog/monetizing-vulnerabilities/index.adoc
airs/front/content/blog/multiple-credentials-begone/index.adoc
airs/front/content/blog/my-heart-bleeds/index.adoc
airs/front/content/blog/natural-code/index.adoc
airs/front/content/blog/netscan-exploit/index.adoc
airs/front/content/blog/new-red-team-expert/index.adoc
airs/front/content/blog/online-voting/index.adoc
airs/front/content/blog/optimism-bias/index.adoc
airs/front/content/blog/oracle-code/index.adoc
airs/front/content/blog/oscp-journey/index.adoc
airs/front/content/blog/para-bellum/index.adoc
airs/front/content/blog/parse-conquer/index.adoc
airs/front/content/blog/pars-orationis-secura/index.adoc
airs/front/content/blog/pass-cracking/index.adoc
airs/front/content/blog/phishing/index.adoc
airs/front/content/blog/pii-leakage-whitehat/index.adoc
airs/front/content/blog/ptaas-netspi/index.adoc
airs/front/content/blog/purple-team/index.adoc
airs/front/content/blog/quantifying-risk/index.adoc
airs/front/content/blog/quantitative-python/index.adoc
airs/front/content/blog/querier-writeup/index.adoc
airs/front/content/blog/quickzip-exploit/index.adoc
airs/front/content/blog/ransomware/index.adoc
airs/front/content/blog/red-team-exercise/index.adoc
airs/front/content/blog/release-the-beast/index.adoc
airs/front/content/blog/replaced-machines/index.adoc
airs/front/content/blog/requiem-password/index.adoc
airs/front/content/blog/respond-the-name/index.adoc
airs/front/content/blog/reverse-engineering/index.adoc
airs/front/content/blog/reversing-mortals/index.adoc
airs/front/content/blog/reversing-vulnserver/index.adoc
airs/front/content/blog/risk-indicator-roundup/index.adoc
airs/front/content/blog/road-to-functional-python/index.adoc
airs/front/content/blog/roasting-kerberos/index.adoc
airs/front/content/blog/rules-new-standard/index.adoc
airs/front/content/blog/sastisfying-app-security/index.adoc
airs/front/content/blog/sast-sca-kiuwan/index.adoc
airs/front/content/blog/searching-history/index.adoc
airs/front/content/blog/secdevops-security-champions/index.adoc
airs/front/content/blog/secure-infra-code/index.adoc
airs/front/content/blog/security-trends/index.adoc
airs/front/content/blog/seek-chaos/index.adoc
airs/front/content/blog/sensible-cybersecurity/index.adoc
airs/front/content/blog/smbs-bankruptcy/index.adoc
airs/front/content/blog/solarwinds-attack/index.adoc
airs/front/content/blog/sqli-manual-bypass/index.adoc
airs/front/content/blog/stand-shoulders-giants/index.adoc
airs/front/content/blog/storing-password-safely/index.adoc
airs/front/content/blog/stupid-neighbors-using-wep/index.adoc
airs/front/content/blog/symbolic-execution-mortals/index.adoc
airs/front/content/blog/tainted-love/index.adoc
airs/front/content/blog/training-basic/index.adoc
airs/front/content/blog/trapdoors/index.adoc
airs/front/content/blog/treacherous-poodle/index.adoc
airs/front/content/blog/trends-2020-ii/index.adoc
airs/front/content/blog/trends-2020/index.adoc
airs/front/content/blog/triage-hacker/index.adoc
airs/front/content/blog/understanding-ssrf/index.adoc
airs/front/content/blog/updating-belief/index.adoc
airs/front/content/blog/vector-language/index.adoc
airs/front/content/blog/vulnerabilities-in-deep/index.adoc
airs/front/content/blog/vulnerability-classifier/index.adoc
airs/front/content/blog/vulnerability-disclosure/index.adoc
airs/front/content/blog/vulnserver-gmon/index.adoc
airs/front/content/blog/vulnserver-gter/index.adoc
airs/front/content/blog/vulnserver-gter-no-egghunter/index.adoc
airs/front/content/blog/vulnserver-kstet-alternative/index.adoc
airs/front/content/blog/vulnserver-kstet/index.adoc
airs/front/content/blog/vulnserver-lter-seh/index.adoc
airs/front/content/blog/vulnserver-trun/index.adoc
airs/front/content/blog/vulnserver-trun-rop/index.adoc
airs/front/content/blog/vulns-triage-synopsys/index.adoc
airs/front/content/blog/why-we-go-functional/index.adoc
airs/front/content/blog/xml-exploitable-markup-language/index.adoc
airs/front/content/blog/xss-protection/index.adoc
airs/front/content/pages/about-us/certifications/ceh/index.adoc
airs/front/content/pages/about-us/certifications/index.adoc
airs/front/content/pages/about-us/clients/avianca/index.adoc
airs/front/content/pages/about-us/clients/banco-general/index.adoc
airs/front/content/pages/about-us/clients/banco-industrial/index.adoc
airs/front/content/pages/about-us/clients/bancolombia/index.adoc
airs/front/content/pages/about-us/clients/banistmo/index.adoc
airs/front/content/pages/about-us/clients/bcp/index.adoc
airs/front/content/pages/about-us/clients/berkeley/index.adoc
airs/front/content/pages/about-us/clients/colmedica/index.adoc
airs/front/content/pages/about-us/clients/ecopetrol/index.adoc
airs/front/content/pages/about-us/clients/ficohsa/index.adoc
airs/front/content/pages/about-us/clients/gesa/index.adoc
airs/front/content/pages/about-us/clients/index.adoc
airs/front/content/pages/about-us/clients/interbank/index.adoc
airs/front/content/pages/about-us/clients/itau/index.adoc
airs/front/content/pages/about-us/clients/manpower/index.adoc
airs/front/content/pages/about-us/clients/mazda/index.adoc
airs/front/content/pages/about-us/clients/proteccion/index.adoc
airs/front/content/pages/about-us/clients/redeban/index.adoc
airs/front/content/pages/about-us/clients/rsa/index.adoc
airs/front/content/pages/about-us/clients/sura/index.adoc
airs/front/content/pages/about-us/clients/tecnoquimicas/index.adoc
airs/front/content/pages/about-us/clients/terpel/index.adoc
airs/front/content/pages/about-us/clients/tigo/index.adoc
airs/front/content/pages/about-us/differentiators/index.adoc
airs/front/content/pages/about-us/events/breaking-the-build/index.adoc
airs/front/content/pages/about-us/events/burn-the-datacenter/index.adoc
airs/front/content/pages/about-us/events/index.adoc
airs/front/content/pages/about-us/people/aroldan/index.adoc
airs/front/content/pages/about-us/people/ccarrasco/index.adoc
airs/front/content/pages/about-us/people/jarmas/index.adoc
airs/front/content/pages/about-us/people/ralvarez/index.adoc
airs/front/content/pages/about-us/reviews/index.adoc
airs/front/content/pages/advisories/index.adoc
airs/front/content/pages/advisories/morrison/index.adoc
airs/front/content/pages/advisories/policy/index.adoc
airs/front/content/pages/advisories/prine/index.adoc
airs/front/content/pages/careers/character-test/index.adoc
airs/front/content/pages/careers/faq/index.adoc
airs/front/content/pages/careers/hiring/index.adoc
airs/front/content/pages/careers/index.adoc
airs/front/content/pages/careers/knowledge-test/index.adoc
airs/front/content/pages/careers/non-technical-challenges/index.adoc
airs/front/content/pages/careers/openings/index.adoc
airs/front/content/pages/careers/reasons/index.adoc
airs/front/content/pages/careers/terms/index.adoc
airs/front/content/pages/categories/asm/index.adoc
airs/front/content/pages/categories/dast/index.adoc
airs/front/content/pages/categories/index.adoc
airs/front/content/pages/categories/ptaas/index.adoc
airs/front/content/pages/categories/re/index.adoc
airs/front/content/pages/compliance/gdpr/index.adoc
airs/front/content/pages/compliance/hipaa/index.adoc
airs/front/content/pages/compliance/nist/index.adoc
airs/front/content/pages/compliance/owasp/index.adoc
airs/front/content/pages/compliance/pci/index.adoc
airs/front/content/pages/contact-us/index.adoc
airs/front/content/pages/contact-us/thank-you/index.adoc
airs/front/content/pages/cookie/index.adoc
airs/front/content/pages/faq/list.adoc
airs/front/content/pages/format/index.adoc
airs/front/content/pages/partners/agt/index.adoc
airs/front/content/pages/partners/arroyo-consulting/index.adoc
airs/front/content/pages/partners/cgsi/index.adoc
airs/front/content/pages/partners/choucair/index.adoc
airs/front/content/pages/partners/ediligence/index.adoc
airs/front/content/pages/partners/evolution/index.adoc
airs/front/content/pages/partners/greensqa/index.adoc
airs/front/content/pages/partners/index.adoc
airs/front/content/pages/partners/mainsoft/index.adoc
airs/front/content/pages/partners/novacomp/index.adoc
airs/front/content/pages/partners/rsec/index.adoc
airs/front/content/pages/privacy/index.adoc
airs/front/content/pages/security/index.adoc
airs/front/content/pages/services/comparative/index.adoc
airs/front/content/pages/services/continuous-hacking/index.adoc
airs/front/content/pages/services/one-shot-hacking/index.adoc
airs/front/content/pages/solutions/attack-simulation/index.adoc
airs/front/content/pages/solutions/devsecops/index.adoc
airs/front/content/pages/solutions/ethical-hacking/index.adoc
airs/front/content/pages/solutions/index.adoc
airs/front/content/pages/solutions/penetration-testing/index.adoc
airs/front/content/pages/solutions/secure-code-review/index.adoc
airs/front/content/pages/solutions/vulnerability-management/index.adoc
airs/front/content/pages/style/index.adoc
airs/front/content/pages/systems/index.adoc
airs/front/content/pages/systems/iot/index.adoc
airs/front/content/pages/systems/ot/index.adoc
airs/front/content/pages/systems/web-apps/index.adoc
airs/front/content/pages/terms-use/index.adoc
airs/front/content/pages/topics/index.adoc
airs/front/content/blog/optimismo-sesgo/index.adoc
airs/front/content/pages/about-us/certifications/crte/index.adoc
airs/front/content/pages/about-us/people/index.adoc
airs/front/content/pages/faq/index.adoc
airs/front/content/blog/ciberseguridad-estrategia/index.adoc
airs/front/content/blog/oss-seguridad/index.adoc
airs/front/content/pages/partners/mi-group/index.adoc
airs/front/content/pages/plans/index.adoc
airs/front/content/pages/resources/index.adoc
airs/front/content/blog/amsi-bypass/index.adoc
airs/front/content/blog/choosing-pentesting-team/index.adoc
airs/front/content/blog/relleno-credenciales/index.adoc
airs/front/content/blog/secdevops-security-champions-spa/index.adoc
