airs/front/content/blog/amsi-bypass/index.md
airs/front/content/blog/another-proud-son-json/index.md
airs/front/content/blog/attack-no-announce/index.md
airs/front/content/blog/babuk-locker/index.md
airs/front/content/blog/backdooring-putty/index.md
airs/front/content/blog/battle-tendency/index.md
airs/front/content/blog/big-code/index.md
airs/front/content/blog/binary-learning/index.md
airs/front/content/blog/bounty-writeup/index.md
airs/front/content/blog/bypassing-dep/index.md
airs/front/content/blog/ceo-bugs/index.md
airs/front/content/blog/certificates-comparison-i/index.md
airs/front/content/blog/chat-with-correa/index.md
airs/front/content/blog/close-invisible-doors/index.md
airs/front/content/blog/code-translate/index.md
airs/front/content/blog/conflict-interest/index.md
airs/front/content/blog/conserving-identity/index.md
airs/front/content/blog/crash-course-machine-learning/index.md
airs/front/content/blog/credential-stuffing/index.md
airs/front/content/blog/cryptojacking-malware/index.md
airs/front/content/blog/cybersecurity-2020-21-i/index.md
airs/front/content/blog/cybersecurity-strategy/index.md
airs/front/content/blog/cybersecurity-trends-2021/index.md
airs/front/content/blog/dark-web/index.md
airs/front/content/blog/deep-hacking/index.md
airs/front/content/blog/delimit-ethical-hacking/index.md
airs/front/content/blog/devoops-writeup/index.md
airs/front/content/blog/devsecops-concept/index.md
airs/front/content/blog/digression-regression/index.md
airs/front/content/blog/do-not-read/index.md
airs/front/content/blog/embed-code-vector/index.md
airs/front/content/blog/epik-hack/index.md
airs/front/content/blog/evolution-lumu/index.md
airs/front/content/blog/ewptv1-certification/index.md
airs/front/content/blog/exchange-server-hack/index.md
airs/front/content/blog/exploit-code-graph/index.md
airs/front/content/blog/facebook-data-leak/index.md
airs/front/content/blog/fck-strategy/index.md
airs/front/content/blog/fool-machine/index.md
airs/front/content/blog/functional-fashion-in-javascript/index.md
airs/front/content/blog/further-code2vec/index.md
airs/front/content/blog/fuzzing-forallsecure/index.md
airs/front/content/blog/fuzzing-sudo/index.md
airs/front/content/blog/fuzzy-bugs-online/index.md
airs/front/content/blog/gherkin-steroids/index.md
airs/front/content/blog/git-steroids/index.md
airs/front/content/blog/global-leaders-2018/index.md
airs/front/content/blog/great-expectations/index.md
airs/front/content/blog/hack-cern/index.md
airs/front/content/blog/healthcare-clouds/index.md
airs/front/content/blog/healthcare-cybersecurity/index.md
airs/front/content/blog/hevd-dos/index.md
airs/front/content/blog/hevd-privilege-escalation/index.md
airs/front/content/blog/hevd-smep-bypass/index.md
airs/front/content/blog/hit-miss/index.md
airs/front/content/blog/human-security-sensor/index.md
airs/front/content/blog/importance-pentesting/index.md
airs/front/content/blog/infinite-monkey-fuzzer/index.md
airs/front/content/blog/innovation-understandable/index.md
airs/front/content/blog/insensato-reporte/index.md
airs/front/content/blog/intercepting-android/index.md
airs/front/content/blog/interview-safety-detectives/index.md
airs/front/content/blog/is-csv-secure/index.md
airs/front/content/blog/iso-iec-27002-2022/index.md
airs/front/content/blog/iso-iec-30111/index.md
airs/front/content/blog/learning-code/index.md
airs/front/content/blog/libssh-bypass-cve/index.md
airs/front/content/blog/look-inside-oss/index.md
airs/front/content/blog/machine-learning-hack/index.md
airs/front/content/blog/monetizing-vulnerabilities/index.md
airs/front/content/blog/multiple-credentials-begone/index.md
airs/front/content/blog/my-heart-bleeds/index.md
airs/front/content/blog/natural-code/index.md
airs/front/content/blog/netscan-exploit/index.md
airs/front/content/blog/new-red-team-expert/index.md
airs/front/content/blog/online-voting/index.md
airs/front/content/blog/optimism-bias/index.md
airs/front/content/blog/oracle-code/index.md
airs/front/content/blog/oscp-journey/index.md
airs/front/content/blog/para-bellum/index.md
airs/front/content/blog/parse-conquer/index.md
airs/front/content/blog/pars-orationis-secura/index.md
airs/front/content/blog/pass-cracking/index.md
airs/front/content/blog/phishing/index.md
airs/front/content/blog/pii-leakage-whitehat/index.md
airs/front/content/blog/ptaas-netspi/index.md
airs/front/content/blog/purple-team/index.md
airs/front/content/blog/quantifying-risk/index.md
airs/front/content/blog/quantitative-python/index.md
airs/front/content/blog/querier-writeup/index.md
airs/front/content/blog/quickzip-exploit/index.md
airs/front/content/blog/ransomware/index.md
airs/front/content/blog/red-team-exercise/index.md
airs/front/content/blog/release-the-beast/index.md
airs/front/content/blog/replaced-machines/index.md
airs/front/content/blog/requiem-password/index.md
airs/front/content/blog/respond-the-name/index.md
airs/front/content/blog/reverse-engineering/index.md
airs/front/content/blog/reversing-mortals/index.md
airs/front/content/blog/reversing-vulnserver/index.md
airs/front/content/blog/risk-indicator-roundup/index.md
airs/front/content/blog/road-to-functional-python/index.md
airs/front/content/blog/roasting-kerberos/index.md
airs/front/content/blog/rules-new-standard/index.md
airs/front/content/blog/sastisfying-app-security/index.md
airs/front/content/blog/sast-sca-kiuwan/index.md
airs/front/content/blog/schrems-shield/index.md
airs/front/content/blog/searching-history/index.md
airs/front/content/blog/secdevops-security-champions/index.md
airs/front/content/blog/secure-infra-code/index.md
airs/front/content/blog/security-trends/index.md
airs/front/content/blog/seek-chaos/index.md
airs/front/content/blog/sensible-cybersecurity/index.md
airs/front/content/blog/smbs-bankruptcy/index.md
airs/front/content/blog/solarwinds-attack/index.md
airs/front/content/blog/sqli-manual-bypass/index.md
airs/front/content/blog/stand-shoulders-giants/index.md
airs/front/content/blog/storing-password-safely/index.md
airs/front/content/blog/stupid-neighbors-using-wep/index.md
airs/front/content/blog/symbolic-execution-mortals/index.md
airs/front/content/blog/tainted-love/index.md
airs/front/content/blog/timeline-new-cyberwar/index.md
airs/front/content/blog/training-basic/index.md
airs/front/content/blog/trapdoors/index.md
airs/front/content/blog/treacherous-poodle/index.md
airs/front/content/blog/trends-2020-ii/index.md
airs/front/content/blog/trends-2020/index.md
airs/front/content/blog/triage-hacker/index.md
airs/front/content/blog/tribe-of-hackers-1/index.md
airs/front/content/blog/tribe-of-hackers-2/index.md
airs/front/content/blog/tribe-of-hackers-5/index.md
airs/front/content/blog/understanding-dep/index.md
airs/front/content/blog/understanding-ssrf/index.md
airs/front/content/blog/updating-belief/index.md
airs/front/content/blog/vector-language/index.md
airs/front/content/blog/vulnerabilities-in-deep/index.md
airs/front/content/blog/vulnerability-classifier/index.md
airs/front/content/blog/vulnerability-disclosure/index.md
airs/front/content/blog/vulnserver-gmon/index.md
airs/front/content/blog/vulnserver-gter/index.md
airs/front/content/blog/vulnserver-gter-no-egghunter/index.md
airs/front/content/blog/vulnserver-kstet-alternative/index.md
airs/front/content/blog/vulnserver-kstet/index.md
airs/front/content/blog/vulnserver-lter-seh/index.md
airs/front/content/blog/vulnserver-trun/index.md
airs/front/content/blog/vulnserver-trun-rop/index.md
airs/front/content/blog/vulns-triage-synopsys/index.md
airs/front/content/blog/why-we-go-functional/index.md
airs/front/content/blog/windows-kernel-debugging/index.md
airs/front/content/blog/xml-exploitable-markup-language/index.md
airs/front/content/blog/xss-protection/index.md
airs/front/content/pages/about-us/certifications/ceh/index.md
airs/front/content/pages/about-us/certifications/cpsa/index.md
airs/front/content/pages/about-us/certifications/cptc/index.md
airs/front/content/pages/about-us/certifications/osep/index.md
airs/front/content/pages/about-us/certifications/index.md
airs/front/content/pages/about-us/clients/avianca/index.md
airs/front/content/pages/about-us/clients/banco-general/index.md
airs/front/content/pages/about-us/clients/banco-industrial/index.md
airs/front/content/pages/about-us/clients/bancolombia/index.md
airs/front/content/pages/about-us/clients/banistmo/index.md
airs/front/content/pages/about-us/clients/bcp/index.md
airs/front/content/pages/about-us/clients/berkeley/index.md
airs/front/content/pages/about-us/clients/colmedica/index.md
airs/front/content/pages/about-us/clients/ecopetrol/index.md
airs/front/content/pages/about-us/clients/ficohsa/index.md
airs/front/content/pages/about-us/clients/gesa/index.md
airs/front/content/pages/about-us/clients/index.md
airs/front/content/pages/about-us/clients/interbank/index.md
airs/front/content/pages/about-us/clients/itau/index.md
airs/front/content/pages/about-us/clients/manpower/index.md
airs/front/content/pages/about-us/clients/mazda/index.md
airs/front/content/pages/about-us/clients/proteccion/index.md
airs/front/content/pages/about-us/clients/redeban/index.md
airs/front/content/pages/about-us/clients/rsa/index.md
airs/front/content/pages/about-us/clients/sura/index.md
airs/front/content/pages/about-us/clients/tecnoquimicas/index.md
airs/front/content/pages/about-us/clients/terpel/index.md
airs/front/content/pages/about-us/clients/tigo/index.md
airs/front/content/pages/about-us/differentiators/index.md
airs/front/content/pages/about-us/events/breaking-the-build/index.md
airs/front/content/pages/about-us/events/burn-the-datacenter/index.md
airs/front/content/pages/about-us/events/index.md
airs/front/content/pages/about-us/people/aroldan/index.md
airs/front/content/pages/about-us/people/ccarrasco/index.md
airs/front/content/pages/about-us/people/jarmas/index.md
airs/front/content/pages/about-us/people/ralvarez/index.md
airs/front/content/pages/about-us/reviews/index.md
airs/front/content/pages/advisories/index.md
airs/front/content/pages/advisories/armstrong/index.md
airs/front/content/pages/advisories/brown/index.md
airs/front/content/pages/advisories/cerati/index.md
airs/front/content/pages/advisories/cobain/index.md
airs/front/content/pages/advisories/dylan/index.md
airs/front/content/pages/advisories/franklin/index.md
airs/front/content/pages/advisories/gilmour/index.md
airs/front/content/pages/advisories/hendrix/index.md
airs/front/content/pages/advisories/jett/index.md
airs/front/content/pages/advisories/joplin/index.md
airs/front/content/pages/advisories/mercury/index.md
airs/front/content/pages/advisories/morrison/index.md
airs/front/content/pages/advisories/osbourne/index.md
airs/front/content/pages/advisories/policy/index.md
airs/front/content/pages/advisories/porter/index.md
airs/front/content/pages/advisories/prine/index.md
airs/front/content/pages/advisories/simone/index.md
airs/front/content/pages/advisories/spinetta/index.md
airs/front/content/pages/careers/character-test/index.md
airs/front/content/pages/careers/faq/index.md
airs/front/content/pages/careers/hiring/index.md
airs/front/content/pages/careers/index.md
airs/front/content/pages/careers/knowledge-test/index.md
airs/front/content/pages/careers/non-technical-challenges/index.md
airs/front/content/pages/careers/openings/index.md
airs/front/content/pages/careers/reasons/index.md
airs/front/content/pages/careers/terms/index.md
airs/front/content/pages/categories/asm/index.md
airs/front/content/pages/categories/dast/index.md
airs/front/content/pages/categories/index.md
airs/front/content/pages/categories/iast/index.md
airs/front/content/pages/categories/ptaas/index.md
airs/front/content/pages/categories/re/index.md
airs/front/content/pages/categories/sast/index.md
airs/front/content/pages/categories/sca/index.md
airs/front/content/pages/compliance/gdpr/index.md
airs/front/content/pages/compliance/hipaa/index.md
airs/front/content/pages/compliance/nist/index.md
airs/front/content/pages/compliance/owasp/index.md
airs/front/content/pages/compliance/pci/index.md
airs/front/content/pages/contact-us/index.md
airs/front/content/pages/contact-us/thank-you/index.md
airs/front/content/pages/contact-us-demo/index.md
airs/front/content/pages/contact-us-demo/thank-you-demo/index.md
airs/front/content/pages/cookie/index.md
airs/front/content/pages/faq/list.md
airs/front/content/pages/format/index.md
airs/front/content/pages/partners/agt/index.md
airs/front/content/pages/partners/arroyo-consulting/index.md
airs/front/content/pages/partners/cgsi/index.md
airs/front/content/pages/partners/choucair/index.md
airs/front/content/pages/partners/ediligence/index.md
airs/front/content/pages/partners/evolution/index.md
airs/front/content/pages/partners/greensqa/index.md
airs/front/content/pages/partners/index.md
airs/front/content/pages/partners/mainsoft/index.md
airs/front/content/pages/partners/novacomp/index.md
airs/front/content/pages/partners/proximiteam/index.md
airs/front/content/pages/partners/rsec/index.md
airs/front/content/pages/partners/santander/index.md
airs/front/content/pages/privacy/index.md
airs/front/content/pages/product-overview/index.md
airs/front/content/pages/security/index.md
airs/front/content/pages/services/comparative/index.md
airs/front/content/pages/services/continuous-hacking/index.md
airs/front/content/pages/services/one-shot-hacking/index.md
airs/front/content/pages/solutions/attack-simulation/index.md
airs/front/content/pages/solutions/devsecops/index.md
airs/front/content/pages/solutions/ethical-hacking/index.md
airs/front/content/pages/solutions/index.md
airs/front/content/pages/solutions/penetration-testing/index.md
airs/front/content/pages/solutions/secure-code-review/index.md
airs/front/content/pages/solutions/vulnerability-management/index.md
airs/front/content/pages/style/index.md
airs/front/content/pages/subscription/index.md
airs/front/content/pages/systems/index.md
airs/front/content/pages/systems/iot/index.md
airs/front/content/pages/systems/ot/index.md
airs/front/content/pages/systems/web-apps/index.md
airs/front/content/pages/terms-use/index.md
airs/front/content/pages/topics/index.md
airs/front/content/blog/optimismo-sesgo/index.md
airs/front/content/pages/about-us/certifications/crte/index.md
airs/front/content/pages/about-us/people/index.md
airs/front/content/pages/faq/index.md
airs/front/content/blog/ciberseguridad-estrategia/index.md
airs/front/content/blog/oss-seguridad/index.md
airs/front/content/pages/partners/mi-group/index.md
airs/front/content/pages/plans/index.md
airs/front/content/pages/resources/index.md
airs/front/content/blog/amsi-bypass/index.md
airs/front/content/blog/choosing-pentesting-team/index.md
airs/front/content/blog/relleno-credenciales/index.md
airs/front/content/blog/secdevops-security-champions-spa/index.md
