actualizar
amenaza
api
aplicación
atacar
autenticación
aws
binario
blue team
browser
bug
captcha
carving
certificaciones
cifrar
cloud
concientizar
configurar
cookie
credenciales
crimeware
criptografía
crlf
database
definir
dependencia
detectar
devops
digital
dispositivo
división de respuesta
documentación
encabezados
escáner
esteganografía
ethical hacking
evolucionar
examenes
exploit
forense
funcionalidad
fuzzing
hardware
herramienta
http
imperativo
implementar
indexof
información
ingeniería
intercambiar
interceptar
intranet
invertir
investigación
inyección
iot
iwa
javascript
linux
libssh
matemática
meltdown
modelar
monitorear
multiparadigma
negocio
ocultar
offensive
password
pentesting
php
políticas
privacidad
probar
procesador
programar
proteger
protocolo
proxy
pruebas de seguridad
python
react
red
red team
reto
revertir
rpo
rsa
rto
sde
sdlc
seguridad
sesión
seta
sin estado
social
software
solucionar
spectre
sqli
teoría
tercerizar
transformar
typescript
usabilidad
validar
vector
versión
vulnerabilidad
web
windows
wireless
xml
xpath
