abap
ac
ada
adb
ads
adso
ahkl
ahk
agda
lagda
aj
am
ample
apl
apla
aplf
aplo
apln
aplc
apli
dyalog
dyapp
mipage
as
adoc
asciidoc
dofile
startup
axd
ashx
asa
asax
ascx
asd
nasm
a51
asm
asmx
asp
aspx
master
sitemap
cshtml
nawk
mawk
gawk
auk
awk
bash
bzl
bazel
BUILD
vbhtml
frx
bas
dxl
bat
BAT
cmd
CMD
btm
BTM
blade
b
bf
brs
bzl
cpy
cobol
ccp
cbl
CBL
idc
cats
c
tpp
tcc
ipp
h++
C
cc
c++
ccs
cfc
cfml
cfm
chpl
cl
hic
cljx
cljscm
cl2
boot
clj
cljs
cljc
cls
cmake
cob
COB
iced
cjsx
cakefile
_coffee
coffee
component
cpp
CPP
cr
cs
csh
cson
css
ctl
cu
cuh
cxx
d
da
dart
def
dhall
dt
patch
diff
dmap
sthlp
matah
mata
ihlp
doh
ado
do
DO
pascal
lpr
dfm
dpr
dita
drl
dsr
dtd
ec
ecpp
eex
el
elm
exs
ex
ecr
ejs
erb
ERB
yrl
xrl
emakefile
erl
exp
4th
fish
fnl
forth
fr
frt
fth
f83
fb
fpm
e4
rx
ft
f77
F77
f90
F90
f95
F95
f
F
for
FOR
ftl
ftn
FTN
fmt
focexec
frm
fs
fsi
fsx
fxml
gnumakefile
Gnumakefile
gd
vshader
vsh
vrx
gshader
glslv
geo
fshader
fsh
frg
fp
glsl
graphqls
gql
graphql
vert
tesc
tese
geom
feature
frag
comp
g
g4
go
gsp
jenkinsfile
gvy
gtpl
grt
groovy
gant
gradle
h
H
hh
hpp
hxx
hb
hrl
hsc
hs
tfvars
hcl
tf
nomad
hlsli
fxh
hlsl
shader
cg
cginc
haml
handlebars
hbs
hxsl
hx
hoon
xht
htm
html
i3
ice
icl
dcl
dlm
idl
idr
lidr
imba
prefs
lektorproject
ini
ism
ipl
pro
ig
il
ils
inc
inl
ino
ipf
pde
itk
java
jcl
jl
xsjslib
xsjs
ssjs
sjs
pac
njs
mjs
jss
jsm
jsfl
jscad
jsb
jakefile
jake
bones
_js
js
es6
jsf
jsx
xhtml
yyp
webmanifest
webapp
topojson
tfstate
mcmeta
json-tmlanguage
jsonl
har
gltf
geojson
avsc
watchmanconfig
tern-project
tern-config
htmlhintrc
arcconfig
json
json5
jsp
jspf
vm
ksc
ksh
ktm
kt
kts
hlean
lean
lhs
lex
l
less
lfe
liquid
lsp
lisp
lgt
logtalk
wlua
rbxs
pd_lua
p8
nse
lua
m3
m4
makefile
Makefile
mao
mako
workbook
ronn
mkdown
mkdn
mkd
mdx
mdwn
mdown
markdown
md
mc
met
mg
mk
mli
ml
ml4
eliomi
eliom
ml
mli
mly
mll
m
mm
msg
nbp
mathematica
ma
cdf
mt
wl
wlt
mustache
wdproj
csproj
vcproj
wixproj
vbproj
mps
mth
n
nims
nimrod
nimble
nim
nix
nut
oscript
bod
spc
fnc
prc
trg
pad
page
pas
pcc
rexfile
psgi
ph
cpanfile
al
ack
perl
pfo
pgc
phpt
phps
phakefile
ctp
aw
php_cs
php3
php4
php5
php
phtml
pig
plh
pl
PL
p6
P6
plx
pm
pm6
raku
rakumod
pom
yap
prolog
P
p
pp
viw
udf
tab
mysql
cql
psql
xpy
wsgi
wscript
workspace
tac
snakefile
sconstruct
sconscript
pyt
pyp
pyi
pyde
py3
lmi
gypi
gyp
buck
gclient
py
pyw
ipynb
pyj
pxi
pxd
pyx
qbs
qml
watchr
vagrantfile
thorfile
thor
snapfile
ru
rbx
rbw
rbuild
rabl
puppetfile
podfile
mspec
mavenfile
jbuilder
jarfile
guardfile
god
gemspec
gemfile
fastfile
eye
deliverfile
dangerfile
capfile
buildfile
builder
brewfile
berksfile
appraisals
pryrc
irbrc
rb
podspec
rake
resx
rex
pprx
rexx
rhtml
rs
rest
rst
s
S
SCA
sca
sbt
kojo
scala
sbl
SBL
sed
ses
sp
sol
pcl
pl1
plm
lit
po
pbt
sra
srf
srm
srs
sru
srw
jade
pug
purs
prefab
proto
mat
ps1
psd1
psm1
rsx
rd
expr-dist
rprofile
R
r
raml
rktd
rkt
rktl
Rmd
re
rei
scrbl
sps
sc
ss
scm
sch
sls
sld
robot
rc
rc2
sas
sass
scss
sh
smarty
sml
sig
fun
slim
e
sql
SQL
sss
st
styl
i
svelte
sv
svh
svg
SVG
v
tcl
tcsh
tk
mkvi
mkiv
mkii
ltx
lbx
ins
cbx
bib
bbx
aux
tex
toml
sty
cls
dtx
bst
thrift
tpl
trigger
ttcn
ttcn2
ttcn3
ttcnpp
sdl
ssc
sdt
spd
sst
rou
cin
cii
interface
in1
in2
in3
in4
inf
tpd
ts
tsx
tss
twig
ui
glade
vala
vapi
vhw
vht
vhs
vho
vhi
vhf
vhd
VHD
vhdl
VHDL
vba
VBA
vbp
vb
VB
vbw
vbs
VBS
vue
webinfo
xmi
XMI
zcml
xul
xspec
xproj
xliff
xlf
xib
xacro
x3d
wsf
vxml
vstemplate
vssettings
vsixmanifest
vcxproj
ux
urdf
tmtheme
tmsnippet
tmpreferences
tmlanguage
tml
tmcommand
targets
sublime-snippet
sttheme
storyboard
srdf
shproj
sfproj
scxml
rss
resx
rdf
pt
psc1
ps1xml
props
proj
plist
pkgproj
osm
odd
nuspec
nproj
ndproj
natvis
mjml
mdpolicy
launch
kml
jsproj
jelly
ivy
iml
grxml
gmx
fsproj
filters
dotsettings
ditaval
ditamap
depproj
ct
csl
csdef
cscfg
cproject
clixml
ccxml
ccproj
builds
axml
ant
admx
adml
project
classpath
xml
XML
mxml
build
vim
swift
xaml
wast
wat
wxs
wxi
wxl
prw
prg
ch
xqy
xqm
xql
xq
xquery
xsd
XSD
xslt
XSLT
xsl
XSL
xtend
yacc
y
yaml-tmlanguage
syntax
sublime-syntax
rviz
reek
mir
gemrc
clang-tidy
clang-format
yaml
yml
zsh
awk
bash
bc
crystal
csh
dmd
dtrace
escript
groovy
idl
kermit
ksh
lua
make
octave
perl5
perl
miniperl
php
php5
python
python3
perl6
raku
rakudo
rexx
regina
ruby
sed
sh
swipl
tcl
tclsh
tcsh
wish
zsh
BUILD
WORKSPACE
Jamfile
Jamrules
Makefile
makefile
gnumakefile
Gnumakefile
Rakefile
rakefile
Dockerfile
