airs
airs.build
airs.development
airs.lint.code
forces
forces.process-groups
forces.process-groups-break
forces.test
integrates.back
integrates.back.authz-matrix
integrates.back.deploy.dev
integrates.back.deploy.prod
integrates.back.destroy.eph
integrates.back.test.functional
integrates.back.test.unit
integrates.batch
integrates.cache
integrates.charts.documents
integrates.charts.snapshots
integrates.coverage
integrates.db
integrates.db.migration
integrates.front
integrates.front.deploy
integrates.front.deploy.dev
integrates.front.deploy.prod
integrates.kill
integrates.mobile
integrates.mobile.build.android
integrates.mobile.build.ios
integrates.mobile.deploy.playstore
integrates.mobile.e2e
integrates.mobile.ota
integrates.scheduler
integrates.scheduler.update-indicators.job
integrates.scheduler.update-indicators.on-aws
integrates.storage
integrates.subscriptions.user-to-entity
integrates.subscriptions.user-to-entity-on-aws
integrates.web.e2e
makes.announce.bugsnag
makes.attrs
makes.done
makes.kill-port
makes.kill-tree
makes.profiles
makes.review-mr
makes.wait
melts
melts.test
observes.bin.code-etl
observes.bin.service.batch-stability
observes.bin.service.job-last-success
observes.bin.service.jobs-scheduler
observes.bin.service.migrate-tables
observes.bin.service.timedoctor-tokens
observes.bin.streamer-dynamodb
observes.bin.streamer-zoho-crm
observes.bin.tap-announcekit
observes.bin.tap-bugsnag
observes.bin.tap-checkly
observes.bin.tap-csv
observes.bin.tap-delighted
observes.bin.tap-formstack
observes.bin.tap-gitlab
observes.bin.tap-mailchimp
observes.bin.tap-mixpanel
observes.bin.tap-timedoctor
observes.bin.tap-toe-files
observes.bin.tap-zoho-analytics
observes.bin.update-project-variable
observes.fx-test.tap-announcekit
observes.job.announcekit.update-schema
observes.job.batch-stability
observes.job.bugsnag-etl
observes.job.checkly-etl
observes.job.delighted-etl
observes.job.dynamodb-etl
observes.job.dynamodb-forces-etl
observes.job.dynamodb-table-etl
observes.job.gitlab-etl
observes.job.gitlab-etl.challenges
observes.job.gitlab-etl.default
observes.job.gitlab-etl.product
observes.job.gitlab-etl.services
observes.job.timedoctor.new-grant-code
observes.job.timedoctor.set-init-token
observes.job.zoho-crm-etl
observes.job.zoho-crm-prepare
observes.scheduled.job.code-etl-amend
observes.scheduled.job.code-etl-compute-bills
observes.scheduled.job.code-etl-mirror
observes.scheduled.job.code-etl-upload
observes.scheduled.job.dynamodb-centralize
observes.scheduled.job.dynamodb-integrates-etl-vulns
observes.scheduled.job.formstack-etl
observes.scheduled.job.mailchimp-etl
observes.scheduled.job.mixpanel-integrates-etl
observes.scheduled.job.scheduler
observes.scheduled.job.tap-zoho-analytics
observes.scheduled.job.timedoctor-backup
observes.scheduled.job.timedoctor-etl
observes.scheduled.job.timedoctor-refresh-token
observes.scheduled.job.toe-files-etl
observes.scheduled.job.zoho-crm-etl.fluid
observes.scheduled.job.zoho-crm-prepare.fluid
observes.scheduled.on-aws.bugsnag-etl
observes.scheduled.on-aws.checkly-etl
observes.scheduled.on-aws.code-etl-amend
observes.scheduled.on-aws.code-etl-mirror
observes.scheduled.on-aws.code-etl-upload
observes.scheduled.on-aws.delighted-etl
observes.scheduled.on-aws.dynamodb-forces-etl
observes.scheduled.on-aws.dynamodb-integrates-etl
observes.scheduled.on-aws.formstack-etl
observes.scheduled.on-aws.gitlab-etl.challenges
observes.scheduled.on-aws.gitlab-etl.default
observes.scheduled.on-aws.gitlab-etl.product
observes.scheduled.on-aws.gitlab-etl.services
observes.tap-json
observes.target-redshift
reviews
skims
skims.owasp-benchmark
skims.owasp-benchmark-and-upload
skims.owasp-benchmark-on-aws
skims.process-group
skims.process-group-on-aws
skims.test
skims.test.cli
skims.test.mocks.http
skims.test.mocks.http.env
skims.test.mocks.mobile
skims.test.mocks.ssl.safe
skims.test.mocks.ssl.unsafe
skims.test.sdk
sorts
sorts.execute
sorts.extract-features
sorts.merge-features
sorts.test
sorts.train
sorts.tune
