airs.build
airs.development
airs.lint.code
makes.announce.bugsnag
makes.attrs
makes.bugsnag.source-map-uploader
makes.done
makes.kill-port
makes.kill-tree
makes.profiles
makes.wait
melts
observes.bin.code-etl
observes.bin.service.batch-stability
observes.bin.service.job-last-success
observes.bin.service.migrate-tables
observes.bin.service.timedoctor-tokens
observes.bin.streamer-dynamodb
observes.bin.streamer-zoho-crm
observes.bin.tap-announcekit
observes.bin.tap-bugsnag
observes.bin.tap-checkly
observes.bin.tap-csv
observes.bin.tap-delighted
observes.bin.tap-formstack
observes.bin.tap-gitlab
observes.bin.tap-mailchimp
observes.bin.tap-mixpanel
observes.bin.tap-timedoctor
observes.bin.tap-toe-files
observes.bin.tap-zoho-analytics
observes.bin.update-project-variable
observes.fx-test.tap-announcekit
observes.job.announcekit.etl
observes.job.announcekit.update-schema
observes.job.bugsnag-etl
observes.job.checkly-etl
observes.job.delighted-etl
observes.job.dynamodb-etl
observes.job.dynamodb-forces-etl
observes.job.dynamodb-table-etl
observes.job.gitlab-etl
observes.job.gitlab-etl.challenges
observes.job.gitlab-etl.default
observes.job.gitlab-etl.product
observes.job.gitlab-etl.services
observes.job.timedoctor.new-grant-code
observes.job.timedoctor.set-init-token
observes.job.zoho-crm-etl
observes.job.zoho-crm-prepare
observes.scheduled.job.code-etl-amend
observes.scheduled.job.code-etl-compute-bills
observes.scheduled.job.code-etl-mirror
observes.scheduled.job.code-etl-upload
observes.scheduled.job.dynamodb-centralize
observes.scheduled.job.dynamodb-integrates-etl-vulns
observes.scheduled.job.formstack-etl
observes.scheduled.job.mailchimp-etl
observes.scheduled.job.mixpanel-integrates-etl
observes.scheduled.job.tap-zoho-analytics
observes.scheduled.job.timedoctor-backup
observes.scheduled.job.timedoctor-etl
observes.scheduled.job.timedoctor-refresh-token
observes.scheduled.job.toe-files-etl
observes.scheduled.job.zoho-crm-etl.fluid
observes.scheduled.job.zoho-crm-prepare.fluid
observes.scheduled.on-aws.code-etl-mirror
observes.scheduled.on-aws.code-etl-upload
observes.scheduled.on-aws.dynamodb-integrates-etl
observes.tap-json
observes.target-redshift
