airs.adoc.linter
airs.fontawesome
airs.lint.content
airs.lint.styles
airs.npm
forces.bundle
forces.config-development
forces.config-runtime
forces.oci-build
integrates.back.certs.development
integrates.back.env
integrates.back.probes.lib
integrates.back.probes.liveness
integrates.back.probes.readiness
integrates.back.pypi.runtime
integrates.back.pypi.unit-tests
integrates.back.schema.lint
integrates.back.security
integrates.back.structure
integrates.back.tools
integrates.back.tools.asciidoctor
integrates.back.tools.asciidoctor-pdf
integrates.back.tools.concurrent-ruby
integrates.back.tools.secure-spreadsheet
integrates.charts.lint
integrates.front.build
integrates.front.config.dev-runtime
integrates.front.lint
integrates.front.lint.eslint
integrates.front.lint.stylelint
integrates.front.test
integrates.lambda.send-mail-notification
integrates.mobile.config.dev-runtime
integrates.mobile.lint
integrates.mobile.test
integrates.mobile.tools
integrates.mobile.tools.bundler
integrates.mobile.tools.fastlane
integrates.secrets.lint
integrates.secrets.list
integrates.web.e2e.pypi
makes.commitlint
makes.dev.forces
makes.dev.integrates.back
makes.dev.melts
makes.dev.observes.tap-mixpanel
makes.dev.skims
makes.dev.vscode
makes.oci
makes.python.safe-pickle
makes.test
makes.test.airs
makes.test.asserts
makes.test.docs
makes.test.forces
makes.test.integrates
makes.test.makes
makes.test.melts
makes.test.observes
makes.test.reviews
makes.test.skims
makes.test.sorts
melts.bundle
melts.config-development
melts.config-runtime
melts.lib
observes.env.code-etl.development
observes.env.code-etl.runtime
observes.env.gitlab-etl.development
observes.env.gitlab-etl.runtime
observes.env.job-last-success.runtime
observes.env.paginator.development
observes.env.paginator.runtime
observes.env.postgres-client.development
observes.env.postgres-client.runtime
observes.env.service-batch-stability.runtime
observes.env.service-jobs-scheduler.runtime
observes.env.service-migrate-tables.runtime
observes.env.service-timedoctor-tokens.runtime
observes.env.singer-io.development
observes.env.singer-io.runtime
observes.env.streamer-dynamodb.runtime
observes.env.streamer-zoho-crm.development
observes.env.streamer-zoho-crm.runtime
observes.env.tap-announcekit.development
observes.env.tap-announcekit.runtime
observes.env.tap-bugsnag.development
observes.env.tap-bugsnag.runtime
observes.env.tap-checkly.development
observes.env.tap-checkly.runtime
observes.env.tap-csv.development
observes.env.tap-csv.runtime
observes.env.tap-delighted.development
observes.env.tap-delighted.runtime
observes.env.tap-formstack.runtime
observes.env.tap-git.runtime
observes.env.tap-gitlab.development
observes.env.tap-gitlab.runtime
observes.env.tap-json.development
observes.env.tap-json.runtime
observes.env.tap-mailchimp.development
observes.env.tap-mailchimp.runtime
observes.env.tap-mailchimp.runtime.python
observes.env.tap-mixpanel.development
observes.env.tap-mixpanel.runtime
observes.env.tap-timedoctor.runtime
observes.env.tap-toe-files.runtime
observes.env.tap-zoho-analytics.runtime
observes.env.target-redshift.runtime
observes.env.target-redshift.runtime.python
observes.env.utils-logger.runtime
observes.env.utils-logger.runtime.python
observes.generic.linter
observes.generic.runner
observes.generic.tester
observes.lint.postgres-client
observes.lint.singer-io
observes.lint.tap-announcekit
observes.lint.tap-bugsnag
observes.test.code-etl
observes.test.postgres-client
observes.test.singer-io
observes.test.streamer-zoho-crm
observes.test.tap-announcekit
observes.test.tap-csv
observes.test.tap-gitlab
observes.test.tap-mailchimp
observes.test.tap-mixpanel
reviews.runtime
skims.bundle
skims.config-development
skims.config-runtime
skims.config-sdk
skims.oci-build
skims.structure
sorts.bundle
sorts.config-development
sorts.config-runtime
