airs.adoc.linter
airs.content
airs.lint.code
airs.lint.content
airs.lint.styles
airs.npm
airs.test.images.covers
airs.test.images.format
asserts.doc.build
asserts.env
asserts.oci.build
asserts.pypi.runtime
forces.config-development
forces.config-runtime
forces.lint
forces.oci-build
integrates.analytics.lint
integrates.back.certs.development
integrates.back.env
integrates.back.lint
integrates.back.probes.lib
integrates.back.probes.liveness
integrates.back.probes.readiness
integrates.back.pypi.runtime
integrates.back.structure
integrates.back.tools
integrates.back.tools.asciidoctor
integrates.back.tools.asciidoctor-pdf
integrates.back.tools.concurrent-ruby
integrates.back.tools.secure-spreadsheet
integrates.front.build
integrates.front.config.dev-runtime
integrates.front.lint
integrates.front.lint.eslint
integrates.front.lint.stylelint
integrates.front.lint.tslint
integrates.front.test
integrates.lambda.send-mail-notification
integrates.mobile.config.dev-runtime
integrates.mobile.lint
integrates.mobile.test
integrates.mobile.tools
integrates.mobile.tools.bundler
integrates.mobile.tools.fastlane
integrates.secrets.lint
integrates.secrets.list
integrates.web.e2e.lint
integrates.web.e2e.pypi
makes.commitlint
makes.dev
makes.doc.runtime
makes.oci
makes.test
makes.test.airs
makes.test.asserts
makes.test.forces
makes.test.integrates
makes.test.melts
makes.test.observes
makes.test.reviews
makes.test.serves
makes.test.skims
makes.test.sorts
melts.config-development
melts.config-runtime
melts.lib
melts.lint
observes.config-streamer-zoho-crm-runtime
observes.config-target-redshift-runtime
observes.env.development.code-etl
observes.env.development.dif-gitlab-etl
observes.env.development.postgres-client
observes.env.development.singer-io
observes.env.development.streamer-gitlab
observes.env.development.streamer-zoho-crm
observes.env.development.tap-mailchimp
observes.env.development.tap-zoho-analytics
observes.env.runtime.batch-stability
observes.env.runtime.code-etl
observes.env.runtime.dif-gitlab-etl
observes.env.runtime.migrate-tables
observes.env.runtime.postgres-client
observes.env.runtime.singer-io
observes.env.runtime.streamer-dynamodb
observes.env.runtime.streamer-gitlab
observes.env.runtime.streamer-zoho-crm
observes.env.runtime.tap-mailchimp
observes.env.runtime.tap-zoho-analytics
observes.env.runtime.timedoctor-tokens
observes.generic.linter
observes.generic.runner
observes.generic.tester
observes.lint.code-etl
observes.lint.dif-gitlab-etl
observes.lint.postgres-client
observes.lint.service-batch-stability
observes.lint.service-migrate-tables
observes.lint.singer-io
observes.lint.streamer-gitlab
observes.lint.streamer-zoho-crm
observes.lint.tap-csv
observes.lint.tap-formstack
observes.lint.tap-mailchimp
observes.lint.tap-mixpanel
observes.lint.target-redshift
observes.lint.update-sync-date
observes.test.code-etl
observes.test.dif-gitlab-etl
observes.test.postgres-client
observes.test.singer-io
observes.test.streamer-gitlab
observes.test.streamer-zoho-crm
observes.test.tap-csv
observes.test.tap-mailchimp
observes.test.tap-mixpanel
observes.test.target-redshift
reviews.lint
reviews.runtime
skims.config-development
skims.config-runtime
skims.dev
skims.docs.build
skims.lint
skims.oci-build
skims.parsers.antlr
skims.parsers.babel
skims.security
skims.structure
sorts.config-development
sorts.config-runtime
sorts.lint
