airs.adoc.linter
airs.lint.code
airs.lint.content
airs.lint.styles
airs.npm
airs.test.images.covers
airs.test.images.format
asserts.doc.build
asserts.env
asserts.oci.build
asserts.pypi.runtime
docs.runtime
forces.config-development
forces.config-runtime
forces.lint
forces.oci-build
integrates.back.certs.development
integrates.back.env
integrates.back.lint
integrates.back.probes.lib
integrates.back.probes.liveness
integrates.back.probes.readiness
integrates.back.pypi.runtime
integrates.back.security
integrates.back.structure
integrates.back.tools
integrates.back.tools.asciidoctor
integrates.back.tools.asciidoctor-pdf
integrates.back.tools.concurrent-ruby
integrates.back.tools.secure-spreadsheet
integrates.charts.lint
integrates.front.build
integrates.front.config.dev-runtime
integrates.front.lint
integrates.front.lint.eslint
integrates.front.lint.stylelint
integrates.front.test
integrates.lambda.send-mail-notification
integrates.mobile.config.dev-runtime
integrates.mobile.lint
integrates.mobile.test
integrates.mobile.tools
integrates.mobile.tools.bundler
integrates.mobile.tools.fastlane
integrates.secrets.lint
integrates.secrets.list
integrates.web.e2e.lint
integrates.web.e2e.pypi
makes.commitlint
makes.dev.forces
makes.dev.integrates.back
makes.dev.observes.tap-mixpanel
makes.dev.skims
makes.dev.vscode
makes.oci
makes.python.safe-pickle
makes.test
makes.test.airs
makes.test.asserts
makes.test.forces
makes.test.integrates
makes.test.makes
makes.test.melts
makes.test.observes
makes.test.reviews
makes.test.skims
makes.test.sorts
melts.config-development
melts.config-runtime
melts.lib
melts.lint
observes.config-streamer-zoho-crm-runtime
observes.config-target-redshift-runtime
observes.env.development.code-etl
observes.env.development.dif-gitlab-etl
observes.env.development.paginator
observes.env.development.paginator.python
observes.env.development.postgres-client
observes.env.development.singer-io
observes.env.development.streamer-gitlab
observes.env.development.tap-zoho-analytics
observes.env.job-last-success.runtime
observes.env.job-last-success.runtime.python
observes.env.runtime.code-etl
observes.env.runtime.dif-gitlab-etl
observes.env.runtime.paginator
observes.env.runtime.paginator.python
observes.env.runtime.postgres-client
observes.env.runtime.singer-io
observes.env.runtime.streamer-gitlab
observes.env.runtime.tap-zoho-analytics
observes.env.runtime.timedoctor-tokens
observes.env.service-batch-stability.runtime
observes.env.service-migrate-tables.runtime
observes.env.service-migrate-tables.runtime.python
observes.env.service-timedoctor-tokens.runtime
observes.env.service-timedoctor-tokens.runtime.python
observes.env.streamer-dynamodb.runtime
observes.env.streamer-dynamodb.runtime.python
observes.env.streamer-zoho-crm.development
observes.env.streamer-zoho-crm.development.python
observes.env.streamer-zoho-crm.runtime
observes.env.streamer-zoho-crm.runtime.python
observes.env.tap-csv.development
observes.env.tap-csv.development.python
observes.env.tap-csv.runtime
observes.env.tap-csv.runtime.python
observes.env.tap-delighted.runtime
observes.env.tap-delighted.runtime.python
observes.env.tap-formstack.runtime
observes.env.tap-formstack.runtime.python
observes.env.tap-git.runtime
observes.env.tap-json.runtime
observes.env.tap-mailchimp.development
observes.env.tap-mailchimp.development.python
observes.env.tap-mailchimp.runtime
observes.env.tap-mailchimp.runtime.python
observes.env.tap-mixpanel.development
observes.env.tap-mixpanel.development.python
observes.env.tap-mixpanel.runtime
observes.env.tap-mixpanel.runtime.python
observes.env.tap-timedoctor.runtime
observes.env.tap-toe-files.runtime
observes.env.target-redshift.development
observes.env.target-redshift.development.python
observes.env.target-redshift.runtime
observes.env.utils-logger.runtime
observes.env.utils-logger.runtime.python
observes.generic.linter
observes.generic.runner
observes.generic.tester
observes.lint.code-etl
observes.lint.dif-gitlab-etl
observes.lint.job-last-success
observes.lint.paginator
observes.lint.postgres-client
observes.lint.service-batch-stability
observes.lint.service-migrate-tables
observes.lint.singer-io
observes.lint.streamer-gitlab
observes.lint.streamer-zoho-crm
observes.lint.tap-csv
observes.lint.tap-delighted
observes.lint.tap-formstack
observes.lint.tap-mailchimp
observes.lint.tap-mixpanel
observes.lint.target-redshift
observes.test.code-etl
observes.test.dif-gitlab-etl
observes.test.postgres-client
observes.test.singer-io
observes.test.streamer-gitlab
observes.test.streamer-zoho-crm
observes.test.tap-csv
observes.test.tap-mailchimp
observes.test.tap-mixpanel
observes.test.target-redshift
reviews.lint
reviews.runtime
skims.config-development
skims.config-runtime
skims.docs.build
skims.lint
skims.oci-build
skims.parsers.antlr
skims.parsers.babel
skims.security
skims.structure
sorts.config-development
sorts.config-runtime
sorts.lint
